[www.marquisspas.com/index.html]
[consent.cookiebot.com/uc.js]
[backblue.gif]
[fade.gif]
[index.html]
[www.marquisspas.com/favicon.ico]
[www.marquisspas.com/css/style05e8.css]
[www.marquisspas.com/css/responsive26e7.css]
[www.marquisspas.com/css/simpletextrotator.css]
[www.marquisspas.com/css/jquery.bxslider.css]
[www.marquisspas.com/css/SimpleNavMenu.css]
[www.marquisspas.com/Css/slimmenu2.min.css]
[www.marquisspas.com/css/editorStyles.css]
[www.marquisspas.com/css/fa/all.min.css]
[www.marquisspas.com/Css/nav.css]
[www.marquisspas.com/Css/Buttons.css]
[www.marquisspas.com/js/fa/fontawesome.min.js]
[www.marquisspas.com/js/jquery.min.js]
[ajax.googleapis.com/ajax/libs/jqueryui/1.11.4/jquery-ui.min.js]
[bat.bing.com/bat.js]
[www.marquisspas.com/images/mini-logo-2019.png]
[www.marquisspas.com/hot-tubs/hot-tub-finder/index.html]
[www.marquisspas.com/request-a-brochure/index.html]
[cdn.conveythis.com/javascript/conveythis-initializer.js]
[www.marquisspas.com/media/1052/marquis-hot-tub-logo-3.png]
[www.marquisspas.com/hot-tubs/hot-tub-features.html]
[www.marquisspas.com/media/177551/mq-hot-tub-finder.png]
[www.marquisspas.com/hot-tubs/models/index.html]
[www.marquisspas.com/hot-tubs/models/crown-series/summit/index.html]
[www.marquisspas.com/media/177552/mq-big-3.png]
[www.marquisspas.com/hot-tubs/models/crown-series/epic/index.html]
[www.marquisspas.com/media/177550/marquis-swim-spas.png]
[www.marquisspas.com/hot-tubs/models/crown-series/destiny/index.html]
[www.marquisspas.com/media/177473/crowndestiny.jpg]
[www.marquisspas.com/hot-tubs/models/crown-series/euphoria/index.html]
[www.marquisspas.com/hot-tubs/models/crown-series/resort/index.html]
[www.marquisspas.com/media/91043/usswe.jpg]
[www.marquisspas.com/hot-tubs/models/crown-series/wish/index.html]
[www.marquisspas.com/hot-tubs/models/crown-series/spirit/index.html]
[www.marquisspas.com/media/177301/marquis-homepage_environments_600x400.jpg]
[www.marquisspas.com/hot-tubs/models/vector21-hot-tubs/index.html]
[www.marquisspas.com/media/1231/viera_600x400.jpg]
[www.marquisspas.com/media/177388/sctubs.png]
[www.marquisspas.com/hot-tubs/models/vector21-hot-tubs/v94/index.html]
[www.marquisspas.com/media/177439/whatspa-best-buy-award-2022-marquis-crown-collection-summit-web-2.png]
[www.marquisspas.com/media/177387/wssummit.png]
[www.marquisspas.com/media/177390/wsv94l.png]
[www.marquisspas.com/hot-tubs/models/vector21-hot-tubs/v94l/index.html]
[www.marquisspas.com/media/177391/wsmonoco.png]
[www.marquisspas.com/media/177389/scswimspas.png]
[www.marquisspas.com/js/jquery.scrollex.min.js]
[www.marquisspas.com/js/jquery.scrolly.min.js]
[www.marquisspas.com/hot-tubs/models/vector21-hot-tubs/v84/index.html]
[www.marquisspas.com/js/skel.min.js]
[www.marquisspas.com/js/init.js]
[www.marquisspas.com/js/jquery.simple-text-rotator.js]
[www.marquisspas.com/hot-tubs/models/vector21-hot-tubs/v84l/index.html]
[www.marquisspas.com/js/jquery.bxslider.min.js]
[www.marquisspas.com/js/jquery.slimmenu2.min.js]
[www.marquisspas.com/js/additionalJS.js]
[www.marquisspas.com/index.html]
[www.googletagmanager.com/gtm5445.html]
[www.marquisspas.com/js/flaunt.js]
[www.marquisspas.com/hot-tubs/models/vector21-hot-tubs/v77l/index.html]
[www.marquisspas.com/hot-tubs/models/vector21-hot-tubs/v65l/index.html]
[www.marquisspas.com/hot-tubs/models/marquis-elite-hot-tubs/woodstock-elite/index.html]
[www.marquisspas.com/images/wavecut2.png]
[www.marquisspas.com/hot-tubs/models/marquis-elite-hot-tubs/index.html]
[www.marquisspas.com/hot-tubs/models/marquis-elite-hot-tubs/vegas-elite/index.html]
[www.marquisspas.com/hot-tubs/models/marquis-elite-hot-tubs/hollywood-elite/index.html]
[www.marquisspas.com/hot-tubs/models/marquis-elite-hot-tubs/broadway-elite/index.html]
[www.marquisspas.com/hot-tubs/models/marquis-elite-hot-tubs/monaco-elite/index.html]
[www.marquisspas.com/images/banner.jpg]
[www.marquisspas.com/images/confectionary2.jpg]
[www.marquisspas.com/media/177295/limited-availability.png]
[www.marquisspas.com/images/blue-triangle.png]
[www.marquisspas.com/hot-tubs/models/marquis-elite-hot-tubs/nashville-elite/index.html]
[www.marquisspas.com/images/blue-triangle-down.png]
[www.marquisspas.com/css/style05e8.css]
[www.marquisspas.com/css/responsive26e7.css]
[www.marquisspas.com/css/simpletextrotator.css]
[www.marquisspas.com/hot-tubs/models/celebrity/index.html]
[www.marquisspas.com/hot-tubs/models/celebrity/woodstock/index.html]
[www.marquisspas.com/hot-tubs/models/celebrity/vegas/index.html]
[www.marquisspas.com/css/images/bx_loader.gif]
[www.marquisspas.com/css/images/controls.png]
[www.marquisspas.com/css/jquery.bxslider.css]
[www.marquisspas.com/css/SimpleNavMenu.css]
[www.marquisspas.com/Css/slimmenu2.min.css]
[www.marquisspas.com/hot-tubs/models/celebrity/hollywood/index.html]
[www.marquisspas.com/css/editorStyles.css]
[www.marquisspas.com/hot-tubs/models/celebrity/broadway/index.html]
[www.marquisspas.com/hot-tubs/models/celebrity/monaco/index.html]
[www.marquisspas.com/hot-tubs/models/celebrity/nashville/index.html]
[www.marquisspas.com/hot-tubs/hot-tub-features/the-big-3/index.html]
[www.marquisspas.com/hot-tubs/hot-tub-features/constantclean/index.html]
[www.marquisspas.com/css/webfonts/fa-brands-400.woff2]
[www.marquisspas.com/hot-tubs/hot-tub-features/high-flow-therapy/index.html]
[www.marquisspas.com/options-and-accessories/microsilk/index.html]
[www.marquisspas.com/css/webfonts/fa-brands-400.ttf]
[www.marquisspas.com/hot-tubs/hot-tub-features/jets/index.html]
[www.marquisspas.com/css/webfonts/fa-regular-400.woff2]
[www.marquisspas.com/hot-tubs/hot-tub-features/mqtouch/index.html]
[www.marquisspas.com/css/webfonts/fa-regular-400.ttf]
[www.marquisspas.com/css/webfonts/fa-solid-900.woff2]
[www.marquisspas.com/hot-tubs/hot-tub-features/safety-features/index.html]
[www.marquisspas.com/css/webfonts/fa-solid-900.ttf]
[www.marquisspas.com/css/webfonts/fa-v4compatibility.woff2]
[www.marquisspas.com/css/webfonts/fa-v4compatibility.ttf]
[www.marquisspas.com/css/fa/all.min.css]
[www.marquisspas.com/Css/nav.css]
[www.marquisspas.com/options-and-accessories/index.html]
[www.marquisspas.com/Css/Buttons.css]
[www.marquisspas.com/hot-tubs/hydrotherapy/index.html]
[www.marquisspas.com/hot-tubs/hot-tub-buyers-guide/index.html]
[www.marquisspas.com/hot-tubs/health-benefits/index.html]
[www.marquisspas.com/hot-tubs/hot-tub-reviews/index.html]
[www.marquisspas.com/hot-tubs/testimonials/index.html]
[www.marquisspas.com/swim-spas/index.html]
[www.marquisspas.com/swim-spas/v150w-swim-spa/index.html]
[www.marquisspas.com/swim-spas/v150p-swim-spa/index.html]
[www.marquisspas.com/swim-spas/v174s-swim-spa/index.html]
[cdnjs.cloudflare.com/ajax/libs/animate.css/4.1.1/animate.min.css]
[www.marquisspas.com/swim-spas/v174k-swim-spa/index.html]
[www.marquisspas.com/options-and-accessories/audio-options/index.html]
[cdnjs.cloudflare.com/ajax/libs/gsap/3.11.4/gsap.min.js]
[www.marquisspas.com/options-and-accessories/environments/index.html]
[cdnjs.cloudflare.com/ajax/libs/gsap/3.11.4/Flip.min.js]
[www.marquisspas.com/options-and-accessories/hot-tub-chemicals/index.html]
[www.marquisspas.com/options-and-accessories/hot-tub-covers/index.html]
[cdnjs.cloudflare.com/ajax/libs/gsap/3.11.4/ScrollTrigger.min.js]
[www.marquisspas.com/options-and-accessories/hot-tub-filters/index.html]
[cdnjs.cloudflare.com/ajax/libs/gsap/3.11.4/ScrollToPlugin.min.js]
[www.marquisspas.com/options-and-accessories/lighting-options/index.html]
[cdnjs.cloudflare.com/ajax/libs/gsap/3.11.4/TextPlugin.min.js]
[www.marquisspas.com/dealer-locator/index.html]
[www.marquisspas.com/images/finder-banner1.jpg]
[www.marquisspas.com/images/finder/Relaxation.jpg]
[www.marquisspas.com/images/finder/therapy.jpg]
[www.marquisspas.com/images/finder/Quality-Time.jpg]
[www.marquisspas.com/media/177323/2021_crown_spirit_overhead.jpg]
[www.marquisspas.com/media/177322/2021_crown_resort_overhead.jpg]
[www.marquisspas.com/the-marquis-difference/index.html]
[www.marquisspas.com/media/177314/2021_crown_summit_overhead.jpg]
[www.marquisspas.com/images/finder/1-3Months.jpg]
[www.marquisspas.com/images/finder/4-9Months.jpg]
[www.marquisspas.com/images/finder/12Months.jpg]
[www.marquisspas.com/about-marquis/index.html]
[www.marquisspas.com/hot-tubs/hot-tub-finder/round-hot-tubs.html]
[www.marquisspas.com/hot-tubs/hot-tub-finder/index.html]
[www.google.com/recaptcha/api.js]
[www.marquisspas.com/privacy-policy/index.html]
[www.marquisspas.com/support/index.html]
[www.marquisspas.com/financing/index.html]
[www.marquisspas.com/media/1230/brochure.jpg]
[www.marquisspas.com/careers/index.html]
[www.marquisspas.com/js/jquery.validate.min.js]
[www.marquisspas.com/request-a-brochure/index.html]
[www.marquisspas.com/about-marquis/make-a-wish-and-marquis/index.html]
[www.marquisspas.com/media/177415/marquis_destiny_beauty-web.jpg]
[www.marquisspas.com/hot-tubs/models/index.html]
[www.marquisspas.com/hot-tubs/models/the-crown-collection/index.html]
[www.marquisspas.com/become-a-marquis-dealer/index.html]
[www.marquisspas.com/hot-tubs/hot-tub-finder/2-person-hot-tubs/index.html]
[www.marquisspas.com/dealer-locator/indexd5e2.html]
[www.marquisspas.com/hot-tubs/hot-tub-finder/3-person-hot-tubs/index.html]
[www.marquisspas.com/media/177319/summit_beauty.jpg]
[www.marquisspas.com/hot-tubs/hot-tub-finder/5-person-hot-tubs/index.html]
[www.marquisspas.com/hot-tubs/hot-tub-finder/6-person-hot-tubs/index.html]
[www.marquisspas.com/media/1246/microsilkbubble-2.png]
[www.marquisspas.com/hot-tubs/hot-tub-finder/7-person-hot-tubs/index.html]
[www.marquisspas.com/hot-tubs/hot-tub-finder/square-hot-tubs/index.html]
[www.marquisspas.com/media/177314/2021_crown_summit_overhead8749.jpg]
[www.marquisspas.com/hot-tubs/hot-tub-finder/rectangular-hot-tubs/index.html]
[www.marquisspas.com/js/app.js]
[www.marquisspas.com/media/177329/crown_summit_massage-seats7483.jpg]
[www.marquisspas.com/chooser/images/crownStatic/GraniteSample.jpg]
[www.marquisspas.com/chooser/images/crownStatic/TimberSample.jpg]
[www.marquisspas.com/chooser/images/crownStatic/Alba.jpg]
[www.marquisspas.com/chooser/images/crownStatic/MidnightCanyon.jpg]
[www.marquisspas.com/dealer-locator/index0ec1.html]
[www.marquisspas.com/chooser/images/crownStatic/Glacier.jpg]
[www.marquisspas.com/chooser/images/crownStatic/SterlingSilver.jpg]
[www.marquisspas.com/chooser/images/crownStatic/TuscanSun.jpg]
[www.marquisspas.com/chooser/images/crownStatic/WinterSolstice.jpg]
[www.marquisspas.com/hot-tubs/models/crown-series/index.html]
[www.marquisspas.com/chooser/images/crownStatic/6787_Black.jpg]
[www.marquisspas.com/chooser/images/crownStatic/CrownCoverSample.jpg]
[www.marquisspas.com/images/CrownEnvironments2.jpg]
[www.marquisspas.com/images/ControlMySpa.jpg]
[www.marquisspas.com/images/CrownJewel.jpg]
[www.marquisspas.com/images/MicroSilk_Shot.jpg]
[www.marquisspas.com/hot-tubs/models/crown-series/summit/index.html]
[www.marquisspas.com/media/177315/epic_beauty.jpg]
[www.marquisspas.com/media/177320/2021_crown_epic_overheade33e.jpg]
[www.marquisspas.com/media/177330/crown_epic_massage-seats1274.jpg]
[www.marquisspas.com/hot-tubs/models/crown-series/epic/index.html]
[www.marquisspas.com/media/177317/euphoria_beauty.jpg]
[www.marquisspas.com/media/177321/2021_crown_euphoria_overhead784a.jpg]
[www.marquisspas.com/hot-tubs/models/crown-series/euphoria/index.html]
[www.marquisspas.com/media/177331/crown_euphoria_massage-seats60c5.jpg]
[www.marquisspas.com/media/177413/marquis-spa_destiny_overheadea6d.jpg]
[www.marquisspas.com/media/177414/crowndestinyspecializedmassageseatsb35c.jpg]
[www.marquisspas.com/hot-tubs/models/crown-series/destiny/index.html]
[www.marquisspas.com/media/177316/resort_beauty.jpg]
[www.marquisspas.com/media/177322/2021_crown_resort_overhead3eea.jpg]
[www.marquisspas.com/media/177332/crown_resort_massage-seats6806.jpg]
[www.marquisspas.com/hot-tubs/models/crown-series/resort/index.html]
[www.marquisspas.com/media/177416/marquis_wish-med-web.jpg]
[www.marquisspas.com/media/177422/marquis-spa_wish_overhead_1p.png]
[www.marquisspas.com/media/177423/marquis-spa_wish_overhead-2p.png]
[www.marquisspas.com/media/177417/marquis-spa_wish_overhead-2pf0ff.jpg]
[www.marquisspas.com/media/177418/crownwishspecializedmassageseatsc102.jpg]
[www.marquisspas.com/hot-tubs/models/crown-series/wish/index.html]
[www.marquisspas.com/media/177318/spirit_beauty.jpg]
[www.marquisspas.com/media/177323/2021_crown_spirit_overheadd703.jpg]
[www.marquisspas.com/media/177333/crown_spirit_massage-seats0a19.jpg]
[www.marquisspas.com/hot-tubs/models/crown-series/spirit/index.html]
[www.marquisspas.com/media/1299/v84l-header.jpg]
[www.marquisspas.com/media/1279/marquis_v94_overhead_0114e3f.jpg]
[www.marquisspas.com/media/1277/marquis_v94l_overhead_0140140.jpg]
[www.marquisspas.com/media/177379/v84b6d0.jpg]
[www.marquisspas.com/media/1298/marquis_vector_84l_overhead_008402c.jpg]
[www.marquisspas.com/media/1281/marquis_v77l_overhead_0166b41.jpg]
[www.marquisspas.com/media/1282/v65l_overhead_006d2d0.jpg]
[www.marquisspas.com/media/91014/v21_jetpods.jpg]
[www.marquisspas.com/hot-tubs/models/vector21-hot-tubs/specialized-massage-seats.html]
[www.marquisspas.com/media/91024/v21_volt3.jpg]
[www.marquisspas.com/hot-tubs/hot-tub-features/high-flow-therapy.html]
[www.marquisspas.com/hot-tubs/models/vector21-hot-tubs/index.html]
[www.marquisspas.com/media/91016/v3_valve.jpg]
[www.marquisspas.com/media/177564/v94_header_image.png]
[www.marquisspas.com/media/1279/marquis_v94_overhead_011eb8a.jpg]
[www.marquisspas.com/media/177373/v94-massage-seats_2019dfe6.jpg]
[www.marquisspas.com/chooser/images/eSeriesStatic/exteriors/Barnwood.jpg]
[www.marquisspas.com/chooser/images/eSeriesStatic/exteriors/chestnut.jpg]
[www.marquisspas.com/chooser/images/eSeriesStatic/interiors/Alba.jpg]
[www.marquisspas.com/chooser/images/eSeriesStatic/interiors/Glacier.jpg]
[www.marquisspas.com/chooser/images/eSeriesStatic/interiors/midnight canyon.jpg]
[www.marquisspas.com/chooser/images/eSeriesStatic/interiors/Sterling Silver.jpg]
[www.marquisspas.com/chooser/images/eSeriesStatic/interiors/TuscanSun.jpg]
[www.marquisspas.com/chooser/images/eSeriesStatic/interiors/Winter Solstice.jpg]
[www.marquisspas.com/chooser/images/vector21Static/covers/Vector21CoverSample.jpg]
[www.marquisspas.com/images/Vector21-Blurbs/gallery_687_file1_Broadway_Beauty.jpg]
[www.marquisspas.com/images/Vector21-Blurbs/2018_Cosmic-Audio_800x523.jpg]
[www.marquisspas.com/options-and-accessories/audio-options.html]
[www.marquisspas.com/hot-tubs/models/vector21-hot-tubs/specialized-massage-seats/index.html]
[www.marquisspas.com/images/Vector21-Blurbs/2018_Starlight_800x523.jpg]
[www.marquisspas.com/options-and-accessories/lighting-options.html]
[www.marquisspas.com/images/Vector21-Blurbs/2018_Vector21-MicroSilk_800x523.jpg]
[www.marquisspas.com/hot-tubs/models/vector21-hot-tubs/v94/index.html]
[www.marquisspas.com/media/177565/v94l_header_image.png]
[www.marquisspas.com/media/1277/marquis_v94l_overhead_014e2e1.jpg]
[www.marquisspas.com/media/177374/v94l-massage-seats_2019b5a9.jpg]
[www.marquisspas.com/hot-tubs/models/vector21-hot-tubs/v94l/index.html]
[www.marquisspas.com/media/177566/v84_header_image.png]
[www.marquisspas.com/media/177379/v84ceb8.jpg]
[www.marquisspas.com/media/177375/v84-massage-seats_2019cad3.jpg]
[www.marquisspas.com/hot-tubs/models/vector21-hot-tubs/v84/index.html]
[www.marquisspas.com/media/177567/v84l_header_image.png]
[www.marquisspas.com/media/1298/marquis_vector_84l_overhead_008aab2.jpg]
[www.marquisspas.com/media/177376/v84l-massage-seats_20192312.jpg]
[www.marquisspas.com/hot-tubs/models/vector21-hot-tubs/v84l/index.html]
[www.marquisspas.com/media/1280/v77l-beauty-shot.jpg]
[www.marquisspas.com/media/1281/marquis_v77l_overhead_0161eb3.jpg]
[www.marquisspas.com/media/177377/v77l-massage-seats_201986c5.jpg]
[www.marquisspas.com/hot-tubs/models/vector21-hot-tubs/v77l/index.html]
[www.marquisspas.com/media/1283/v65-beauty.jpg]
[www.marquisspas.com/media/1282/v65l_overhead_006dc38.jpg]
[www.marquisspas.com/media/177378/v65l-massage-seats_2019a4ef.jpg]
[www.marquisspas.com/hot-tubs/models/vector21-hot-tubs/v65l/index.html]
[www.marquisspas.com/media/177610/elite-hot-tubs-header.png]
[www.marquisspas.com/media/177603/marquis_elite_woodstock_elite_overhead_20267b9b.png]
[www.marquisspas.com/media/177604/marquis_spa_vegas-elite_overhead_2026aea8.png]
[www.marquisspas.com/media/177605/marquis_elite_hollywood_elite_overhead202635d1.png]
[www.marquisspas.com/media/177606/rev_broadway_elite_overhead_med20264972.png]
[www.marquisspas.com/media/177607/marquis_elite_monaco_elite_overhead_202694f2.png]
[www.marquisspas.com/media/177608/nashville-elite-800x800a452.png]
[www.marquisspas.com/hot-tubs/models/marquis-elite-hot-tubs/index.html]
[www.marquisspas.com/media/177611/woodstock-elite-header.png]
[www.marquisspas.com/media/177603/marquis_elite_woodstock_elite_overhead_20268818.png]
[www.marquisspas.com/chooser/images/eSeriesStatic/exteriors/Harbor.png]
[www.marquisspas.com/chooser/images/eSeriesStatic/exteriors/Hickory.png]
[www.marquisspas.com/chooser/images/eSeriesStatic/exteriors/Granite.png]
[www.marquisspas.com/chooser/images/celebrityStatic/interiors/Glacier.jpg]
[www.marquisspas.com/chooser/images/celebrityStatic/interiors/midnight canyon.jpg]
[www.marquisspas.com/chooser/images/celebrityStatic/interiors/Sterling Silver.jpg]
[www.marquisspas.com/hot-tubs/models/marquis-elite-hot-tubs/woodstock-elite/index.html]
[www.marquisspas.com/media/177612/vegas-elite-header.png]
[www.marquisspas.com/hot-tubs/models/marquis-elite-hot-tubs/vegas-elite/index.html]
[www.marquisspas.com/media/177604/marquis_spa_vegas-elite_overhead_20261f96.png]
[www.marquisspas.com/media/177613/hollywood-elite-header.png]
[www.marquisspas.com/media/177605/marquis_elite_hollywood_elite_overhead2026731a.png]
[www.marquisspas.com/hot-tubs/models/marquis-elite-hot-tubs/hollywood-elite/index.html]
[www.marquisspas.com/media/177614/broadway-elite-header.png]
[www.marquisspas.com/hot-tubs/models/marquis-elite-hot-tubs/broadway-elite/index.html]
[www.marquisspas.com/media/177606/rev_broadway_elite_overhead_med2026c1d1.png]
[www.marquisspas.com/media/177615/monaco-elite-header.png]
[www.marquisspas.com/hot-tubs/models/marquis-elite-hot-tubs/monaco-elite/index.html]
[www.marquisspas.com/media/177607/marquis_elite_monaco_elite_overhead_20267b8b.png]
[www.marquisspas.com/media/177616/nashville-elite-header.png]
[www.marquisspas.com/media/177608/nashville-elite-800x800c36f.png]
[www.marquisspas.com/hot-tubs/models/marquis-elite-hot-tubs/nashville-elite/index.html]
[www.marquisspas.com/media/177617/celebrity-hot-tubs-header.png]
[www.marquisspas.com/media/177597/woodstock-800x80079f5.png]
[www.marquisspas.com/media/177598/2026_celebrity_vegas_overhead5180.png]
[www.marquisspas.com/media/177599/2026_celebrity_hollywood_overheada3cb.png]
[www.marquisspas.com/media/177600/2026_celebrity_broadway_overhead7ddc.png]
[www.marquisspas.com/media/177601/2026_celebrity_monaco_overheada44c.png]
[www.marquisspas.com/hot-tubs/models/celebrity/index.html]
[www.marquisspas.com/media/177602/nashville-800x800f74c.png]
[www.marquisspas.com/media/177618/woodstock-celebrity-header.png]
[www.marquisspas.com/media/177597/woodstock-800x8003ede.png]
[www.marquisspas.com/chooser/images/celebrityStatic/exteriors/Pecan.png]
[www.marquisspas.com/chooser/images/celebrityStatic/exteriors/Ash.png]
[www.marquisspas.com/hot-tubs/models/celebrity/woodstock/index.html]
[www.marquisspas.com/media/177619/vegas-celebrity-header.png]
[www.marquisspas.com/hot-tubs/models/celebrity/vegas/index.html]
[www.marquisspas.com/media/177598/2026_celebrity_vegas_overhead7223.png]
[www.marquisspas.com/media/177620/hollywood-celebrity-header.png]
[www.marquisspas.com/media/177599/2026_celebrity_hollywood_overhead485a.png]
[www.marquisspas.com/hot-tubs/models/celebrity/hollywood/index.html]
[www.marquisspas.com/media/177621/broadway-celebrity-header.png]
[www.marquisspas.com/hot-tubs/models/celebrity/broadway/index.html]
[www.marquisspas.com/media/177600/2026_celebrity_broadway_overhead373e.png]
[www.marquisspas.com/media/177623/monaco-celebrity-header.png]
[www.marquisspas.com/media/177601/2026_celebrity_monaco_overheada72d.png]
[www.marquisspas.com/hot-tubs/models/celebrity/monaco/index.html]
[www.marquisspas.com/media/177622/nashville-celebrity-header.png]
[www.marquisspas.com/media/177602/nashville-800x8008020.png]
[www.marquisspas.com/hot-tubs/models/celebrity/nashville/index.html]
[www.marquisspas.com/media/177582/marquis_hot_tub_features_header.png]
[www.marquisspas.com/media/90989/microsilk_1280x425.jpg]
[www.marquisspas.com/hot-tubs/hot-tub-features/the-big-3.html]
[www.marquisspas.com/media/90988/constantclean_1280x425.jpg]
[www.marquisspas.com/media/90990/high-flow-therapy_1280x425.jpg]
[www.marquisspas.com/media/90976/jet-styles_1280x425.jpg]
[www.marquisspas.com/hot-tubs/hot-tub-features/jets.html]
[www.marquisspas.com/media/90969/duracover_1280x425.jpg]
[www.marquisspas.com/media/177569/quality_materials_title_image.png]
[www.marquisspas.com/media/177583/safety_features_image.png]
[www.marquisspas.com/media/91101/mqtouch_1280x425px.jpg]
[www.marquisspas.com/hot-tubs/hot-tub-features.html]
[www.marquisspas.com/hot-tubs/hot-tub-features/the-big-3/index.html]
[www.marquisspas.com/media/1233/constant-clean.jpg]
[www.marquisspas.com/hot-tubs/hot-tub-features/constantclean/index.html]
[www.marquisspas.com/hot-tubs/durable-surfaces/index.html]
[www.marquisspas.com/media/1418/hydrotherapy_1280x470_celebrity18.jpg]
[www.marquisspas.com/media/177338/cleanwater_1280x425px.jpg]
[www.marquisspas.com/media/177570/vector21_series_image.png]
[www.marquisspas.com/media/177624/high-flow-therapy-page-elite-series-image.png]
[www.marquisspas.com/hot-tubs/hot-tub-features/high-flow-therapy/index.html]
[www.marquisspas.com/media/177314/2021_crown_summit_overheade6d1.jpg]
[www.marquisspas.com/media/177320/2021_crown_epic_overheadd07d.jpg]
[www.marquisspas.com/media/177321/2021_crown_euphoria_overheaddce2.jpg]
[www.marquisspas.com/media/177413/marquis-spa_destiny_overhead9eb9.jpg]
[www.marquisspas.com/media/177322/2021_crown_resort_overhead0e57.jpg]
[www.marquisspas.com/media/177417/marquis-spa_wish_overhead-2pb0d0.jpg]
[www.marquisspas.com/media/177323/2021_crown_spirit_overhead94be.jpg]
[www.marquisspas.com/options-and-accessories/microsilk/index.html]
[www.marquisspas.com/media/1443/high-flow-low-pressure_1280x470_vector21_2018.jpg]
[www.marquisspas.com/media/177349/rhk-jets_target-touch_1280x425px.jpg]
[www.marquisspas.com/media/91012/vector21-jetpods_1280x425.jpg]
[www.marquisspas.com/media/91010/whitewater-4-jet_v94_1280x470.jpg]
[www.marquisspas.com/media/90977/stainless-jet-faces_1280x425.jpg]
[www.marquisspas.com/hot-tubs/hot-tub-features/jets/index.html]
[www.marquisspas.com/media/177348/controlmyspa_1280x470px.jpg]
[www.marquisspas.com/hot-tubs/hot-tub-features/mqtouch/index.html]
[www.marquisspas.com/support/manuals-and-downloads/index.html]
[www.marquisspas.com/media/177584/safety_benefits_title_image.png]
[www.marquisspas.com/hot-tubs/models/crown-series/specialized-massage-seats/index.html]
[www.marquisspas.com/media/91092/hot-tub-safety-features-covers.jpg]
[www.marquisspas.com/hot-tubs/hydrotherapy/spa-therapy/oxygen-skin-therapy/index.html]
[www.marquisspas.com/media/91004/2018_v94_reflexology-footwell_ww4_1280x425.jpg]
[www.marquisspas.com/media/177571/safety_resources_image.png]
[www.marquisspas.com/hot-tubs/hot-tub-features/safety-features/index.html]
[www.marquisspas.com/lp/special-offers/index.html]
[www.marquisspas.com/media/90979/celebrity-elite-jets_1280x425.jpg]
[www.marquisspas.com/dealer-locator/index751e.html]
[www.marquisspas.com/media/90957/motown-audio_vegas-elite_1280x425.jpg]
[www.marquisspas.com/media/177347/controlmyspa_1280x425px.jpg]
[www.marquisspas.com/media/90965/cover-companion_1280x425.jpg]
[www.marquisspas.com/media/90991/full-foam-insulation_1280x425.jpg]
[www.marquisspas.com/media/1257/spaboutique.jpg]
[www.marquisspas.com/media/90978/constantcleanplus_1280x425.jpg]
[www.marquisspas.com/media/90959/constellation-lighting-2018_1280x425.jpg]
[www.marquisspas.com/media/1436/oxygen-skin-therapy_alt_1280x470_microsilk18.jpg]
[www.marquisspas.com/options-and-accessories/index.html]
[www.marquisspas.com/media/91068/hot-tub-buyers-guide-image.jpg]
[www.marquisspas.com/dealer-locator/index34a5.html]
[www.marquisspas.com/media/90961/aromatherapy_1280x425.jpg]
[www.marquisspas.com/media/1423/exercise_1280x470_vector21_2018.jpg]
[www.marquisspas.com/media/90974/vector21-jets_1280x425.jpg]
[www.marquisspas.com/media/90984/buyers-guide.jpg]
[www.marquisspas.com/media/1425/fibromyalgia_1280x470_epic18.jpg]
[www.marquisspas.com/media/90967/read-hot-tub-reviews_1280x425.jpg]
[www.marquisspas.com/hot-tubs/hot-tub-buyers-guide/best-hot-tub-brand.html]
[www.marquisspas.com/hot-tubs/hot-tub-buyers-guide/hot-tub-jets.html]
[www.marquisspas.com/hot-tubs/hot-tub-buyers-guide/index.html]
[www.marquisspas.com/hot-tubs/health-benefits/arthritis/index.html]
[www.marquisspas.com/hot-tubs/health-benefits/stress/index.html]
[www.marquisspas.com/hot-tubs/hot-tub-finder-old/index.html]
[www.marquisspas.com/media/1453/health-benefits_hero_1280x570_v150-2018.jpg]
[www.marquisspas.com/hot-tubs/health-benefits/fibromyalgia/index.html]
[www.marquisspas.com/lp/swim-spas/index.html]
[www.marquisspas.com/hot-tubs/health-benefits/injury/index.html]
[www.marquisspas.com/hot-tubs/health-benefits/blood-pressure.html]
[www.marquisspas.com/hot-tubs/hot-tub-buyers-guide/best-hot-tub-brand/index.html]
[www.marquisspas.com/hot-tubs/health-benefits/sleep/index.html]
[www.marquisspas.com/hot-tubs/health-benefits/injury.html]
[www.marquisspas.com/hot-tubs/hot-tub-features/index.html]
[www.marquisspas.com/hot-tubs/hot-tub-buyers-guide/hot-tub-jets/index.html]
[www.marquisspas.com/hot-tubs/hot-tub-reviews/index4f07.html]
[www.marquisspas.com/hot-tubs/health-benefits/sleep.html]
[www.marquisspas.com/hot-tubs/health-benefits/stress.html]
[www.marquisspas.com/hot-tubs/health-benefits/arthritis.html]
[www.marquisspas.com/hot-tubs/health-benefits/fibromyalgia.html]
[www.marquisspas.com/hot-tubs/health-benefits/pain-medication-addiction.html]
[www.marquisspas.com/hot-tubs/health-benefits/index.html]
[www.marquisspas.com/hot-tubs/hydrotherapy/relaxation.html]
[www.marquisspas.com/hot-tubs/health-benefits/blood-pressure/index.html]
[www.marquisspas.com/hot-tubs/hot-tub-finder/index5858.html]
[www.marquisspas.com/hot-tubs/health-benefits.html]
[www.marquisspas.com/hot-tubs/hydrotherapy/family.html]
[www.marquisspas.com/hot-tubs/hydrotherapy/relaxation/index.html]
[www.marquisspas.com/hot-tubs/hydrotherapy/athletes.html]
[www.marquisspas.com/hot-tubs/hydrotherapy/spa-therapy.html]
[www.marquisspas.com/hot-tubs/hydrotherapy/index.html]
[www.marquisspas.com/hot-tubs/hot-tub-reviews/index.html]
[www.marquisspas.com/media/177627/testimonials-header.png]
[www.marquisspas.com/hot-tubs/testimonials/index.html]
[www.marquisspas.com/media/177490/v150p3b45.png]
[www.marquisspas.com/media/177492/v150w6a1c.png]
[www.marquisspas.com/media/177509/v174s_overheadc6c8.png]
[www.marquisspas.com/hot-tubs/models/indexe4f4.html]
[www.marquisspas.com/swim-spas/v150p-swim-spa/index28d7.html]
[www.marquisspas.com/media/177515/v174k_overhead_d4cc.png]
[www.marquisspas.com/swim-spas/index.html]
[www.marquisspas.com/swim-spas/v150w-swim-spa/indexa614.html]
[www.marquisspas.com/media/177488/v150p_overhead.png]
[www.marquisspas.com/swim-spas/v150p-swim-spa/index.html]
[www.marquisspas.com/swim-spas/v174s-swim-spa/index055c.html]
[www.marquisspas.com/media/177489/v150w_overhead.png]
[www.marquisspas.com/swim-spas/v150w-swim-spa/index.html]
[www.marquisspas.com/swim-spas/v174k-swim-spa/indexce42.html]
[www.marquisspas.com/media/177507/v174s_overhead.png]
[www.marquisspas.com/media/177514/v174s_overhead_.png]
[www.marquisspas.com/swim-spas/v174s-swim-spa/index.html]
[www.marquisspas.com/media/177513/v174k_overhead_.png]
[www.marquisspas.com/swim-spas/v174k-swim-spa/index.html]
[www.marquisspas.com/media/1435/music-therapy_1280x470_elite18.jpg]
[www.marquisspas.com/media/177339/crown_bluetoothaudio_1280x425px.jpg]
[www.marquisspas.com/media/90954/rf-remote-audio_1280x425.jpg]
[www.marquisspas.com/options-and-accessories/audio-options/index.html]
[www.marquisspas.com/hot-tubs/hydrotherapy/spa-therapy/music-therapy/index.html]
[www.marquisspas.com/media/1450/broadway-elite_hero_1280x470.jpg]
[www.marquisspas.com/options-and-accessories/environments/index.html]
[www.marquisspas.com/hot-tubs/hot-tub-water-treatment/hot-tub-water-problems.html]
[www.marquisspas.com/options-and-accessories/hot-tub-chemicals/index.html]
[www.marquisspas.com/media/177346/crown_weathershield_1280x425px.jpg]
[www.marquisspas.com/options-and-accessories/hot-tub-covers/index.html]
[www.marquisspas.com/options-and-accessories/hot-tub-filters/index.html]
[www.marquisspas.com/hot-tubs/hot-tub-water-treatment/index.html]
[www.marquisspas.com/media/177340/crown_jewel-led-interior_1280x470px.jpg]
[www.marquisspas.com/hot-tubs/hot-tub-finder/round-hot-tubs/index.html]
[www.marquisspas.com/media/177341/crown_jewel-led-corners_1280x425px.jpg]
[www.marquisspas.com/hot-tubs/hydrotherapy/spa-therapy/chromotherapy/index.html]
[www.marquisspas.com/media/177343/vector21-starlight_1280x425px.jpg]
[www.marquisspas.com/media/177625/elite-lighting.png]
[www.marquisspas.com/media/177626/celeb-lighting.png]
[www.marquisspas.com/options-and-accessories/lighting-options/index.html]
[www.marquisspas.com/media/177572/hot_tub_dealer_locator_image.png]
[www.marquisspas.com/media/91003/spacertifield-banner.jpg]
[www.marquisspas.com/dealer-locator/index.html]
[www.marquisspas.com/hot-tubs/models/celebrity-elite-hot-tubs/index.html]
[www.marquisspas.com/media/177392/2021_spacertifield-banner.jpg]
[www.marquisspas.com/the-marquis-difference/index.html]
[www.marquisspas.com/media/177518/2023_awards.jpg]
[www.marquisspas.com/about-marquis/index.html]
[www.marquisspas.com/privacy-policy/index.html]
[www.marquisspas.com/support/index.html]
[www.marquisspas.com/financing/index.html]
[www.marquisspas.com/support/frequently-asked-questions/index.html]
[www.marquisspas.com/careers/index.html]
[www.marquisspas.com/accessories/index.html]
[www.marquisspas.com/support/contact-marquis/index.html]
[www.marquisspas.com/about-marquis/press-releases/index.html]
[www.marquisspas.com/support/hot-tub-warranty/index.html]
[www.marquisspas.com/media/177288/maw-landing-page_1280x470px.jpg]
[www.marquisspas.com/about-marquis/make-a-wish-and-marquis/index.html]
[www.marquisspas.com/hot-tubs/models/the-crown-collection/the-summit/index.html]
[www.marquisspas.com/hot-tubs/models/vector21-hot-tubs/v94l-hot-tub/index.html]
[www.marquisspas.com/hot-tubs/models/marquis-elite-hot-tubs/the-monaco-elite-hot-tub/index.html]
[www.marquisspas.com/become-a-marquis-dealer/index.html]
[www.marquisspas.com/css/images/close.svg]
[www.marquisspas.com/css/images/bars.svg]
[www.marquisspas.com/css/images/arrowWhite.svg]
[www.marquisspas.com/img/drop.svg]
[www.marquisspas.com/hot-tubs/images/vector_down_arrow.html]
[cdnjs.cloudflare.com/ajax/libs/animate.css/4.1.1/animate.min.css]
[www.marquisspas.com/dealer-locator/indexd5e2.html]
[js.hsforms.net/forms/v2.js]
[www.marquisspas.com/media/177400/spirit_beauty_1920x638px.jpg]
[www.marquisspas.com/hot-tubs/hot-tub-finder/2-person-hot-tubs/index.html]
[www.marquisspas.com/hot-tubs/hot-tub-finder/3-person-hot-tubs/index.html]
[www.marquisspas.com/hot-tubs/hot-tub-finder/5-person-hot-tubs/index.html]
[www.marquisspas.com/hot-tubs/models/vector21-hot-tubs/v65l/indexa673.html]
[www.marquisspas.com/hot-tubs/hot-tub-finder/6-person-hot-tubs/index.html]
[www.marquisspas.com/hot-tubs/models/crown-series/spirit/index1671.html]
[www.marquisspas.com/hot-tubs/hot-tub-finder/7-person-hot-tubs/index.html]
[www.marquisspas.com/hot-tubs/models/marquis-elite-hot-tubs/nashville-elite/index076c.html]
[www.marquisspas.com/hot-tubs/models/celebrity/nashville/indexd8af.html]
[www.marquisspas.com/hot-tubs/models/crown-series/resort/indexc8c2.html]
[www.marquisspas.com/hot-tubs/models/vector21-hot-tubs/v84l/index7c1d.html]
[www.marquisspas.com/hot-tubs/models/crown-series/wish/index951e.html]
[www.marquisspas.com/hot-tubs/models/vector21-hot-tubs/v77l/indexc086.html]
[www.marquisspas.com/hot-tubs/models/marquis-elite-hot-tubs/broadway-elite/index783d.html]
[www.marquisspas.com/media/1360/epic-marquis-hot-tub.136.delayed]
[www.marquisspas.com/hot-tubs/hot-tub-finder/square-hot-tubs/index.html]
[www.marquisspas.com/hot-tubs/models/marquis-elite-hot-tubs/monaco-elite/indexdf04.html]
[www.marquisspas.com/hot-tubs/models/celebrity/broadway/index38fd.html]
[www.marquisspas.com/hot-tubs/models/celebrity/monaco/index8c2e.html]
[www.marquisspas.com/hot-tubs/models/crown-series/epic/indexae59.html]
[www.marquisspas.com/hot-tubs/models/vector21-hot-tubs/v84/index341a.html]
[www.marquisspas.com/media/1174/spirit-beauty.137.delayed]
[www.marquisspas.com/hot-tubs/hot-tub-finder/rectangular-hot-tubs/index.html]
[www.marquisspas.com/hot-tubs/models/marquis-elite-hot-tubs/hollywood-elite/indexdff4.html]
[www.marquisspas.com/hot-tubs/models/marquis-elite-hot-tubs/vegas-elite/indexa3cd.html]
[www.marquisspas.com/media/90958/hero_2019-monaco-elite_1280x470.jpg]
[www.marquisspas.com/hot-tubs/hot-tub-finder/round-hot-tubs.html]
[www.marquisspas.com/hot-tubs/models/celebrity/vegas/index2f68.html]
[www.marquisspas.com/hot-tubs/models/marquis-signature-series/index.html]
[www.marquisspas.com/hot-tubs/models/celebrity/hollywood/index11a2.html]
[www.marquisspas.com/dealer-locator/index0ec1.html]
[www.marquisspas.com/hot-tubs/models/crown-series/summit/indexba3d.html]
[www.marquisspas.com/hot-tubs/models/crown-series/euphoria/index1895.html]
[www.marquisspas.com/hot-tubs/models/vector21-hot-tubs/v94/index1c90.html]
[www.marquisspas.com/hot-tubs/models/vector21-hot-tubs/v94l/index8383.html]
[www.marquisspas.com/hot-tubs/models/crown-series/destiny/index543c.html]
[www.marquisspas.com/hot-tubs/models/marquis-elite-hot-tubs/woodstock-elite/indexa914.html]
[www.marquisspas.com/media/177312/crown_collection_page.jpg]
[www.marquisspas.com/hot-tubs/models/celebrity/woodstock/index7d0f.html]
[www.marquisspas.com/media/177350/crown_regal-whitewater-4_1280x425px.jpg]
[www.marquisspas.com/hot-tubs/models/crown-series/index.html]
[www.marquisspas.com/accessories/microsilk/index.html]
[www.marquisspas.com/media/90986/v84header-images-2019.jpg]
[www.marquisspas.com/media/177266/v21-v84_deep-tissuemassageseat_420x625.jpg]
[www.marquisspas.com/media/90997/v21shiatsumassageseat.jpg]
[www.marquisspas.com/media/91001/v21relaxationmassageseat.jpg]
[www.marquisspas.com/media/90999/v21swedishmassageseat.jpg]
[www.marquisspas.com/media/91002/whitewater-4_reflexology_1280x425.jpg]
[www.marquisspas.com/media/91005/2018_v94l_reflexology-footwell_ww4_1280x425.jpg]
[www.marquisspas.com/hot-tubs/models/vector21-hot-tubs/specialized-massage-seats.html]
[www.marquisspas.com/hot-tubs/hot-tub-features/high-flow-therapy.html]
[www.marquisspas.com/hot-tubs/models/vector21-hot-tubs/specialized-massage-seats/index.html]
[www.marquisspas.com/options-and-accessories/audio-options.html]
[www.marquisspas.com/options-and-accessories/lighting-options.html]
[www.marquisspas.com/hot-tubs/hot-tub-features/the-big-3.html]
[www.marquisspas.com/hot-tubs/hot-tub-features/jets.html]
[www.marquisspas.com/hot-tubs/durable-surfaces/index.html]
[www.marquisspas.com/dealer-locator/Location/index58d4.html]
[www.marquisspas.com/hot-tubs/constantclean/index.html]
[www.marquisspas.com/dealer-locator/Location/index4777.html]
[www.marquisspas.com/media/177354/crown_target-touch_deep-tissue_420x625px.jpg]
[www.marquisspas.com/hot-tubs/models/vector21-hot-tubs/indexf7a1.html]
[www.marquisspas.com/media/177352/crown_pulse-touch_shiatsu_420x625px.jpg]
[www.marquisspas.com/media/177351/crown_multi-touch_relaxation_420x625px.jpg]
[www.marquisspas.com/media/177353/crown_swedish-massage-euphoria_420x625px.jpg]
[www.marquisspas.com/hot-tubs/models/crown-series/specialized-massage-seats/index.html]
[www.marquisspas.com/documents/2023/23 V21_Swimspas_Owner_Manual_9.2023.pdf]
[www.marquisspas.com/documents/2023/2023 Celebrity_OwnersManual_2.10.2022.pdf]
[www.marquisspas.com/documents/2023/2023 Elite OwnersManual_3.11.2022.pdf]
[www.marquisspas.com/documents/2022/2022 Celebrity_OwnersManual_2.10.2022.pdf]
[www.marquisspas.com/documents/2022/2022 Elite OwnersManual_3.11.2022.pdf]
[www.marquisspas.com/documents/2021/2021_Crown Owners Manual_5.17.21.pdf]
[www.marquisspas.com/documents/2021/2021_Signature OwnersManual_3.30.2021_web.pdf]
[www.marquisspas.com/documents/2021/2021_Elite_OwnersManual_6.16.2021.pdf]
[www.marquisspas.com/documents/2021/2021_V21_OwnersManual_6.16.2021web.pdf]
[www.marquisspas.com/documents/2021/2021 Celebrity_OwnersManual_3.30.2021.pdf]
[www.marquisspas.com/documents/2020/owners-manuals/2020_Signature OwnersManual_1.20.2020sm.pdf]
[www.marquisspas.com/documents/2020/owners-manuals/2020_Elite_OwnersManual_6.3.2020.pdf]
[www.marquisspas.com/documents/2020/owners-manuals/2020 Celebrity_OwnersManual_6.3.2020.pdf]
[www.marquisspas.com/documents/2020/owners-manuals/2020 ATV Eng Owners Manual_5.26.2020sm.pdf]
[documents.marquisspas.com/documents/2014/2014_MarquisSig-EseriesOM.pdf]
[www.marquisspas.com/documents/2013/2013_MarquisE-seriesOM.pdf]
[www.marquisspas.com/documents/2012/2012_OwnersManualweb.pdf]
[www.marquisspas.com/documents/current/SpaMonitorManual.pdf]
[www.marquisspas.com/documents/2011/2011_MarquisOwnersManualWeb.pdf]
[www.marquisspas.com/documents/2011/2011EDHTOM.pdf]
[www.marquisspas.com/documents/2011/RendezvousInsertWeb.pdf]
[www.marquisspas.com/documents/2010/2010_OwnersManual.pdf]
[www.marquisspas.com/documents/2010/WishInsert.pdf]
[www.marquisspas.com/documents/2010/10EuphoriaInsert.pdf]
[www.marquisspas.com/documents/2010/2010EDHTownersmanual.pdf]
[www.marquisspas.com/documents/2009/09_OwnersManual.pdf]
[www.marquisspas.com/documents/2008/08_OwnersManual.pdf]
[www.marquisspas.com/documents/2008/2008Warranty.pdf]
[www.marquisspas.com/documents/2007/web07Luxurymanual.pdf]
[www.marquisspas.com/documents/2007/web07Seriesmanual.pdf]
[www.marquisspas.com/documents/2007/07_Envy.pdf]
[www.marquisspas.com/documents/2007/2007LuxuryWarranty.pdf]
[www.marquisspas.com/documents/2007/2007SeriesWarranty.pdf]
[www.marquisspas.com/documents/2006/2006MarquisManual1.pdf]
[www.marquisspas.com/documents/2006/2006MarquisManual2.pdf]
[www.marquisspas.com/documents/2006/2006MarquisManual3.pdf]
[www.marquisspas.com/documents/2006/2006EverydayManual1.pdf]
[www.marquisspas.com/documents/2006/2006EverydayManual2.pdf]
[www.marquisspas.com/documents/2006/2006HideawayManual.pdf]
[www.marquisspas.com/documents/2005/2005_OM_part1.pdf]
[www.marquisspas.com/documents/2005/2005_OM_part2.pdf]
[www.marquisspas.com/documents/2005/EHT_Manual_web.pdf]
[www.marquisspas.com/documents/2005/U530Insert.pdf]
[www.marquisspas.com/documents/2005/418_U418insert.pdf]
[www.marquisspas.com/documents/2005/HideawayManual.pdf]
[www.marquisspas.com/documents/2004/wOM_04_part_1.pdf]
[www.marquisspas.com/documents/2004/wOM_04_part_2.pdf]
[www.marquisspas.com/documents/2004/w_complete_EHT.pdf]
[www.marquisspas.com/documents/2004/SoundInstallation.pdf]
[www.marquisspas.com/documents/2004/MS_03_OM.pdf]
[www.marquisspas.com/documents/2004/w_MirageLE.pdf]
[www.marquisspas.com/documents/2004/03_EHT_OM.pdf]
[www.marquisspas.com/documents/2002/2002_OM.pdf]
[www.marquisspas.com/documents/2002/2002_CS_OM.pdf]
[www.marquisspas.com/documents/2002/2002_LS_OM.pdf]
[www.marquisspas.com/documents/2002/2002_US_OM.pdf]
[www.marquisspas.com/documents/2001/2001_OM.pdf]
[www.marquisspas.com/documents/2000/2000_OM.pdf]
[www.marquisspas.com/documents/2022/2022 Crown Swedish Manual_4.5.2022.pdf]
[www.marquisspas.com/documents/2022/2022 Crown French Manual_4.5.2022.pdf]
[www.marquisspas.com/documents/2022/2022 Crown Manual Spanish_4.5.2022.pdf]
[www.marquisspas.com/documents/2022/2022 Crown Owners Manual German.pdf]
[www.marquisspas.com/documents/2022/2022 Celebrity  Manual Swedish.pdf]
[www.marquisspas.com/documents/2022/2022 Celebrity French Manual.pdf]
[www.marquisspas.com/documents/2022/2022 Elite Owners Manual French.pdf]
[www.marquisspas.com/documents/2022/2022 Elite Owners Manual German.pdf]
[www.marquisspas.com/documents/2022/2022 Elite Owners Manual Swedish.pdf]
[www.marquisspas.com/documents/2022/2022 Holiday Park Owners Manual English.pdf]
[www.marquisspas.com/documents/2022/2022 V21 Owners Manual German.pdf]
[www.marquisspas.com/documents/2022/2022 Vector21 Owners Manual French.pdf]
[www.marquisspas.com/documents/2022/2022 Vector21 Owners Manual Swedish.pdf]
[www.marquisspas.com/documents/2021/2021 Crown Swedish Manual.pdf]
[www.marquisspas.com/documents/2021/2021 Crown French Manual.pdf]
[www.marquisspas.com/documents/2021/2021 Crown Spanish Manual.pdf]
[www.marquisspas.com/documents/2021/2021 Signature French Manual.pdf]
[www.marquisspas.com/documents/2021/2021 Signature German Manual.pdf]
[www.marquisspas.com/documents/2021/2021 Signature Swedish Manual.pdf]
[www.marquisspas.com/documents/2021/2021 Elite French Manual.pdf]
[www.marquisspas.com/documents/2021/2021 Elite German Manual.pdf]
[www.marquisspas.com/documents/2021/2021 Elite Swedish Manual.pdf]
[www.marquisspas.com/documents/2021/2021 Vector21 French Manual.pdf]
[www.marquisspas.com/documents/2021/2021 Vector21 German Manual.pdf]
[www.marquisspas.com/documents/2021/2021 Vector21 Swedish Manual.pdf]
[www.marquisspas.com/documents/2021/2021 Celebrity French Manual.pdf]
[www.marquisspas.com/documents/2021/2021 Celebrity German Manual.pdf]
[www.marquisspas.com/documents/2021/2021 Celebrity Swedish Manual.pdf]
[www.marquisspas.com/documents/2021/2021 Holiday Park Manual.pdf]
[www.marquisspas.com/documents/2020/owners-manuals/2020 Celebrity French Manual_6.2.2020.pdf]
[www.marquisspas.com/documents/2020/owners-manuals/2020 Celebrity German Manual_6.2.2020.pdf]
[www.marquisspas.com/documents/2020/owners-manuals/2020 Celebrity Swedish Manual_6.2.2020.pdf]
[www.marquisspas.com/documents/2020/owners-manuals/2020 Elite French Manual_6.2.2020.pdf]
[www.marquisspas.com/documents/2020/owners-manuals/2020 Elite German Manual_6.2.2020.pdf]
[www.marquisspas.com/documents/2020/owners-manuals/2020 Elite Swedish Manual_6.2.2020.pdf]
[www.marquisspas.com/documents/2019/owners-manuals/international/2019 DE Celebrity Owner's Manual.pdf]
[www.marquisspas.com/documents/2019/owners-manuals/international/2019 DE Signature Owner's Manual.pdf]
[www.marquisspas.com/documents/2019/owners-manuals/international/2019 DE V21 Owner's Manual.pdf]
[www.marquisspas.com/documents/2019/owners-manuals/international/2019 ES Celebrity Owner's Manual.pdf]
[www.marquisspas.com/documents/2019/owners-manuals/international/2019 ES V21 Owner's Manual.pdf]
[www.marquisspas.com/documents/2019/owners-manuals/international/2019 FR Celebrity Owner's Manual.pdf]
[www.marquisspas.com/documents/2019/owners-manuals/international/2019 FR Signature Owner's Manual.pdf]
[www.marquisspas.com/documents/2019/owners-manuals/international/2019 FR V21 Owner's Manual_10.29.2019.pdf]
[www.marquisspas.com/documents/2019/owners-manuals/international/2019 SV Celebrity Owner's Manual.pdf]
[www.marquisspas.com/documents/2019/owners-manuals/international/2019 SV Signature Owner's Manual.pdf]
[www.marquisspas.com/documents/2019/owners-manuals/international/2019 SV V21 Owner's Manual.pdf]
[www.marquisspas.com/documents/2012/international/12E-SERIESIntlEnglishManual.pdf]
[www.marquisspas.com/documents/2012/international/12MQIntlEnglishManual.pdf]
[www.marquisspas.com/documents/2012/international/12MQ_E-SERIES_Swedish.pdf]
[www.marquisspas.com/documents/2012/international/12MQ_E-SERIES_Dutch.pdf]
[www.marquisspas.com/documents/2012/international/12MQ_E-SERIESFrench.pdf]
[www.marquisspas.com/documents/2012/international/12MQ_Norwegian.pdf]
[www.marquisspas.com/documents/2012/international/12MQ_E-SERIES_Danish.pdf]
[www.marquisspas.com/documents/2012/international/12MQ_E-SERIES_Italian.pdf]
[www.marquisspas.com/documents/2011/MQIntlEnglishManuaPrintl.pdf]
[www.marquisspas.com/documents/2011/EDHTIntlEnglishManual.pdf]
[www.marquisspas.com/documents/2011/MQ_Manual_Swedish.pdf]
[www.marquisspas.com/documents/2011/MQ_Dutch.pdf]
[www.marquisspas.com/documents/2011/MQ_French.pdf]
[www.marquisspas.com/documents/2011/MQ_German.pdf]
[www.marquisspas.com/documents/2011/MQ_Norwegian.pdf]
[www.marquisspas.com/documents/2011/MQ_Spanish.pdf]
[www.marquisspas.com/documents/2011/MQ_Italian.pdf]
[www.marquisspas.com/documents/2010/international/10MQIntlEnglishManual.pdf]
[www.marquisspas.com/documents/2010/international/2010EDHTIntlEnglishManual.pdf]
[www.marquisspas.com/documents/2010/international/10MQ_Dutch.pdf]
[www.marquisspas.com/documents/2010/international/10MQ_French.pdf]
[www.marquisspas.com/documents/2010/international/10MQ_German.pdf]
[www.marquisspas.com/documents/2010/international/10MQ_Norwegian.pdf]
[www.marquisspas.com/documents/2010/international/10MQ_Spanish.pdf]
[www.marquisspas.com/documents/2009/09MQ_Dutch.pdf]
[www.marquisspas.com/documents/2009/09MQ_French.pdf]
[www.marquisspas.com/documents/2009/09MQ_German.pdf]
[www.marquisspas.com/documents/2009/09MQ_Norwegian.pdf]
[www.marquisspas.com/documents/2009/09MQIntlEnglishManual.pdf]
[www.marquisspas.com/documents/2009/09MQ_Spanish.pdf]
[www.marquisspas.com/documents/2008/MQDutch.pdf]
[www.marquisspas.com/documents/2008/MQFrench.pdf]
[www.marquisspas.com/documents/2008/MQGerman.pdf]
[www.marquisspas.com/documents/2008/MQIntlEnglish.pdf]
[www.marquisspas.com/documents/2008/MQItalian.pdf]
[www.marquisspas.com/documents/2008/MQNorwegian.pdf]
[www.marquisspas.com/documents/2008/MQPortuguese.pdf]
[www.marquisspas.com/documents/2008/MQRussian.pdf]
[www.marquisspas.com/documents/2008/MQSpanish.pdf]
[www.marquisspas.com/documents/2008/MQUkrainian.pdf]
[www.marquisspas.com/documents/2008/2008InternationalWarranty.pdf]
[www.marquisspas.com/documents/2007/07Installation_Electrical.pdf]
[www.marquisspas.com/documents/2020/2020_Maintenance.pdf]
[www.marquisspas.com/documents/2006/06Chemical_Maintenance.pdf]
[www.marquisspas.com/documents/older_manuals/1999/MS Leisure Recreational Coastal MTS 1999.pdf]
[www.marquisspas.com/documents/older_manuals/1998/AC Eden Paradise Lancaster 1998 USA-Canada.pdf]
[www.marquisspas.com/documents/older_manuals/1998/MS Coastal Series 240V 1998 USA-Canada.pdf]
[www.marquisspas.com/documents/older_manuals/1998/MS Haven and Spirit 120V 1998 USA-Canada.pdf]
[www.marquisspas.com/documents/older_manuals/1998/MS Leisure Recreational Coastal Max Threapy-1998 .pdf]
[www.marquisspas.com/documents/older_manuals/1998/MS Leisure Recreational Coastal MTS 7-1998.pdf]
[www.marquisspas.com/documents/older_manuals/1998/MS MTS Series 240V constant Clean 1998.pdf]
[www.marquisspas.com/documents/older_manuals/1998/MS Recreational Series 240V 1998 USA-Canada.pdf]
[www.marquisspas.com/documents/older_manuals/1998/MS Spirit 120V 1998 USA-Canada.pdf]
[www.marquisspas.com/documents/older_manuals/1998/Pro-Form Restoration 510 1998.pdf]
[www.marquisspas.com/documents/older_manuals/1998/Sunsational Spas 1998.pdf]
[www.marquisspas.com/documents/older_manuals/1997/Daybreak by Welso-1997.pdf]
[www.marquisspas.com/documents/older_manuals/1997/MS Coastal Series 120-240V 1997.pdf]
[www.marquisspas.com/documents/older_manuals/1997/MS Escapade 240V 1997.pdf]
[www.marquisspas.com/documents/older_manuals/1997/MS Escape Spirit LS Serenity 1997.pdf]
[www.marquisspas.com/documents/older_manuals/1997/MS Leisure Series 120V 1997.pdf]
[www.marquisspas.com/documents/older_manuals/1997/MS MTS Series 1997.pdf]
[www.marquisspas.com/documents/older_manuals/1997/MS Recreational 240V Smart Clean 1997.pdf]
[www.marquisspas.com/documents/older_manuals/1997/MS Resort Crossing 1997.pdf]
[www.marquisspas.com/documents/older_manuals/1996/AC HPSI HPSII 1996.pdf]
[www.marquisspas.com/documents/older_manuals/1996/MS Builders Series 1996.pdf]
[www.marquisspas.com/documents/older_manuals/1996/MS Coastal Series 120V 120-240V Conv 11-1996.pdf]
[www.marquisspas.com/documents/older_manuals/1996/MS Leisure Series 120V 1 pump 1996.pdf]
[www.marquisspas.com/documents/older_manuals/1996/MS MTS 1 Pump 240V w-constant clean 1996.pdf]
[www.marquisspas.com/documents/older_manuals/1996/MS MTS Series 2 Pump 240V Constant Clean 11-1996.pdf]
[www.marquisspas.com/documents/older_manuals/1996/MS Recreational Departure Voyage 1996.pdf]
[www.marquisspas.com/documents/older_manuals/1995/MQ Builders Series 1995.pdf]
[www.marquisspas.com/documents/older_manuals/1995/MQ MTS One pump 240V Constant Clean 1995.pdf]
[www.marquisspas.com/documents/older_manuals/1995/MQ MTS series 120V with Constant Clean 1995.pdf]
[www.marquisspas.com/documents/older_manuals/1995/MQ MTS Two Pump 240V Constant Clean 1995.pdf]
[www.marquisspas.com/documents/older_manuals/1994/AC HPS I HPS II duplex 240V 5-1994.pdf]
[www.marquisspas.com/documents/older_manuals/1994/Blue Water Spas Prestige Series 7-1994.pdf]
[www.marquisspas.com/documents/older_manuals/1994/MS Limited Edition Builder Series 7-1994.pdf]
[www.marquisspas.com/documents/older_manuals/1994/MS Max Therapy One Pump Duplex 240V 7-1994.pdf]
[www.marquisspas.com/documents/older_manuals/1994/MTS I 1 pump duplex conv 120 240V 8-1994.pdf]
[www.marquisspas.com/documents/older_manuals/1994/MTS II 2 pump deluxe 240V 7-1994.pdf]
[www.marquisspas.com/documents/older_manuals/1994/MTSI Constant Clean Duplex 240V 7-1994.pdf]
[www.marquisspas.com/documents/older_manuals/1993/AC Spas 1993 High Performance HPS-1.pdf]
[www.marquisspas.com/documents/older_manuals/1993/Marquis Therapy System II-1993.pdf]
[www.marquisspas.com/documents/older_manuals/1993/MTS I HPS IDuplex 240V-1993.pdf]
[www.marquisspas.com/documents/older_manuals/1993/MTS II  HPS II DELUXE 240V-1993.pdf]
[www.marquisspas.com/documents/older_manuals/1993/Special Edition 1 pump sys deluxe 240V-1993.pdf]
[www.marquisspas.com/documents/older_manuals/1992/Marquis Therapy System I  One Pump-1992.pdf]
[www.marquisspas.com/documents/older_manuals/1992/Marquis Therapy System III-1992.pdf]
[www.marquisspas.com/documents/older_manuals/1991/PacificMarquisOwnersManual6-1991.pdf]
[www.marquisspas.com/documents/older_manuals/1990/PM Custom Therapy Series 10-1990.pdf]
[www.marquisspas.com/documents/older_manuals/1990/PM Sys 1 Portable Spas 10-1990.pdf]
[www.marquisspas.com/documents/older_manuals/1989/240V Elect Control Sys 1989.pdf]
[www.marquisspas.com/documents/older_manuals/1989/AC 120 240V Conv Sys 1989.pdf]
[www.marquisspas.com/documents/older_manuals/1989/PM Dual Pump 1989.pdf]
[www.marquisspas.com/documents/older_manuals/1989/PM Ozone Purification Sys 1989.pdf]
[www.marquisspas.com/documents/older_manuals/1989/PM Simplicity Series 1989.pdf]
[www.marquisspas.com/documents/older_manuals/1988/1988-prior owners manual.pdf]
[www.marquisspas.com/documents/older_manuals/1986/Marq-II-Owners-Manual.pdf]
[www.marquisspas.com/documents/older_manuals/1987/Baker Hydro Spa Ctr 5 10  10-1987.pdf]
[www.marquisspas.com/documents/older_manuals/1986/PM Conv 120 240V Sys 3-1986.pdf]
[www.marquisspas.com/documents/older_manuals/1986/PM Conv 120 240V Sys 11-1986.pdf]
[www.marquisspas.com/documents/older_manuals/1986/PM Simplicity Series 9-1986.pdf]
[www.marquisspas.com/support/manuals-and-downloads/index.html]
[www.marquisspas.com/documents/older_manuals/1985/PM Conv 110 220V Sys 8-1985.pdf]
[www.marquisspas.com/media/1437/oxygen-skin-therapy_alt_1280x470_microsilk18.jpg]
[www.marquisspas.com/hot-tubs/hydrotherapy/spa-therapy/aromatherapy/index.html]
[www.marquisspas.com/hot-tubs/hydrotherapy/spa-therapy/aromatherapy.html]
[www.marquisspas.com/hot-tubs/hydrotherapy/spa-therapy/chromotherapy.html]
[www.marquisspas.com/hot-tubs/hydrotherapy/spa-therapy/music-therapy.html]
[www.marquisspas.com/hot-tubs/hydrotherapy/spa-therapy/oxygen-skin-therapy/index.html]
[www.marquisspas.com/media/1369/hollywoodeliteslider.jpg]
[www.marquisspas.com/lp/special-offers/index.html]
[www.poolsafely.gov/wp-content/uploads/2016/04/Consumer-Tips-Card.html]
[www.marquisspas.com/dealer-locator/index751e.html]
[www.marquisspas.com/dealer-locator/index34a5.html]
[www.marquisspas.com/dealer-locator/location/index.html]
[www.marquisspas.com/media/1296/v84-hot-tub-header.jpg]
[www.marquisspas.com/hot-tubs/hot-tub-finder-old/index.html]
[www.marquisspas.com/media/91061/swimspa-shots.jpg]
[www.marquisspas.com/media/91054/atv-exercise-header.jpg]
[www.marquisspas.com/media/91055/atv-immersive-header.jpg]
[www.marquisspas.com/media/91057/atv-badges-collage.jpg]
[www.marquisspas.com/lp/swim-spas/index.html]
[www.marquisspas.com/media/91093/spatherapy_1280x470_alt.jpg]
[www.marquisspas.com/media/91095/arthritis_hot-tub-health-benefits.jpg]
[www.marquisspas.com/media/91094/arthritis-knee-pain_hot-tub-health-benefits.jpg]
[www.marquisspas.com/media/1429/spatherapy_1280x470_wish18.jpg]
[www.marquisspas.com/media/91097/whitewater-4_reflexology_1280x425.jpg]
[www.marquisspas.com/media/90983/buyers-guide.jpg]
[www.marquisspas.com/hot-tubs/health-benefits/arthritis/index.html]
[www.marquisspas.com/hot-tubs/hydrotherapy/athletes/index.html]
[www.marquisspas.com/hot-tubs/hydrotherapy/family/index.html]
[www.marquisspas.com/media/1430/romantic-connection_1280x470_celebrity18.jpg]
[www.marquisspas.com/hot-tubs/hydrotherapy/spa-therapy/index.html]
[www.marquisspas.com/hot-tubs/hydrotherapy.html]
[www.marquisspas.com/hot-tubs/health-benefits/stress/index.html]
[www.marquisspas.com/media/1399/marquis_celebrity-series_hero_1280x470_2018.jpg]
[www.marquisspas.com/hot-tubs/health-benefits/fibromyalgia/index.html]
[www.marquisspas.com/media/1442/athletes_1280x470_epichotzone18.jpg]
[chiro.org/LINKS/FULL/Immobilization_or_Early_Mobilization.288.delayed]
[www.marquisspas.com/hot-tubs/health-benefits/injury/index.html]
[www.marquisspas.com/media/1454/sleep_1280x570_microsilk18.jpg]
[www.marquisspas.com/hot-tubs/health-benefits/sleep/index.html]
[www.marquisspas.com/media/177573/best_hot_tub_brand_header.png]
[www.marquisspas.com/media/177574/keep_it_simple_title_image.png]
[www.marquisspas.com/media/1349/hot-tub-with-friends.jpg]
[www.marquisspas.com/media/1428/hydrotherapy_non-drug_1280x470_v65l-18.jpg]
[www.marquisspas.com/media/1421/social-connection_1280x470_celebrity18.jpg]
[www.marquisspas.com/media/1446/chromotherapy_1280x470_constellation18_edit.jpg]
[www.marquisspas.com/media/91084/luther-loon_environments_1280x425.jpg]
[www.marquisspas.com/media/90975/reflexology_1280x425.jpg]
[www.marquisspas.com/media/90970/hot-its-made_1280x425.jpg]
[www.marquisspas.com/hot-tubs/hot-tub-buyers-guide/best-hot-tub-brand/index.html]
[www.marquisspas.com/hot-tubs/hot-tub-features/index.html]
[www.marquisspas.com/media/90972/jet-placement_1280x425.jpg]
[www.marquisspas.com/media/90980/jet-types_1280x425.jpg]
[www.marquisspas.com/media/90981/jet-types_1280x425.jpg]
[www.marquisspas.com/media/90971/river-rock-footwell_1280x425.jpg]
[www.marquisspas.com/hot-tubs/hot-tub-buyers-guide/hot-tub-jets/index.html]
[www.marquisspas.com/hot-tubs/hot-tub-reviews/index4f07.html]
[www.marquisspas.com/hot-tubs/hot-tub-buyers-guide/best-hot-tub-brand.html]
[www.marquisspas.com/hot-tubs/hot-tub-buyers-guide/hot-tub-jets.html]
[www.marquisspas.com/media/1456/lower-blood-pressure_1280x570_microsilk2018.jpg]
[www.marquisspas.com/hot-tubs/hydrotherapy/spa-therapy/index4f07.html]
[www.marquisspas.com/hot-tubs/health-benefits/blood-pressure.html]
[www.marquisspas.com/hot-tubs/health-benefits/injury.html]
[www.marquisspas.com/hot-tubs/health-benefits/sleep.html]
[www.marquisspas.com/hot-tubs/health-benefits/stress.html]
[www.marquisspas.com/hot-tubs/health-benefits/arthritis.html]
[www.marquisspas.com/hot-tubs/health-benefits/fibromyalgia.html]
[www.marquisspas.com/media/1295/v84-hot-tub-header.jpg]
[www.asam.org/docs/default-source/advocacy/opioid-addiction-disease-facts-figures.pdf]
[www.cdc.gov/mmwr/volumes/65/rr/pdfs/rr6501e1.pdf]
[www.marquisspas.com/hot-tubs/health-benefits/pain-medication-addiction.html]
[www.marquisspas.com/hot-tubs/health-benefits/blood-pressure/index.html]
[www.marquisspas.com/hot-tubs/hydrotherapy/relaxation/index.html]
[www.marquisspas.com/hot-tubs/hot-tub-finder/index5858.html]
[www.marquisspas.com/hot-tubs/hydrotherapy/relaxation.html]
[www.marquisspas.com/hot-tubs/health-benefits.html]
[www.marquisspas.com/media/177575/family_hot_tub_benefits.png]
[www.marquisspas.com/hot-tubs/hydrotherapy/family.html]
[www.marquisspas.com/hot-tubs/hydrotherapy/spa-therapy/indexc816.html]
[www.marquisspas.com/hot-tubs/health-benefits/pain-medication-addiction/index.html]
[www.marquisspas.com/hot-tubs/health-benefits/index99df.html]
[henriquetateixeira.com.br/up_artigo/contrast_water_immersion_hastens_plasma_lactate_decrease_aft_le7mo4.pdf]
[www.marquisspas.com/hot-tubs/hydrotherapy/athletes.html]
[www.marquisspas.com/hot-tubs/hydrotherapy/spa-therapy/oxygen-skin-therapy.html]
[www.marquisspas.com/hot-tubs/hydrotherapy/spa-therapy.html]
[www.marquisspas.com/hot-tubs/models/indexe4f4.html]
[www.marquisspas.com/swim-spas/v150p-swim-spa/index28d7.html]
[www.marquisspas.com/swim-spas/v150w-swim-spa/indexa614.html]
[www.marquisspas.com/swim-spas/v174s-swim-spa/index055c.html]
[www.marquisspas.com/swim-spas/v174k-swim-spa/indexce42.html]
[www.marquisspas.com/hot-tubs/hydrotherapy/spa-therapy/music-therapy/index.html]
[www.marquisspas.com/hot-tubs/hot-tub-water-treatment/index.html]
[www.marquisspas.com/hot-tubs/hot-tub-water-treatment/hot-tub-water-problems.html]
[www.marquisspas.com/hot-tubs/hot-tub-water-treatment/what-is-total-alkalinity/index.html]
[www.marquisspas.com/hot-tubs/hot-tub-finder/round-hot-tubs/index.html]
[www.marquisspas.com/hot-tubs/hot-tub-water-treatment/what-is-total-hardness/index.html]
[www.marquisspas.com/hot-tubs/hot-tub-water-treatment/what-is-ph-balance/index.html]
[www.marquisspas.com/hot-tubs/hot-tub-water-treatment/testing-sanitizer-levels/index.html]
[www.marquisspas.com/hot-tubs/hydrotherapy/spa-therapy/chromotherapy/index.html]
[www.marquisspas.com/media/1054/debut_dark.png]
[www.marquisspas.com/about-marquis/press-releases/index.html]
[www.marquisspas.com/about-marquis/press-releases/article/indexe386.html]
[www.marquisspas.com/about-marquis/press-releases/article/indexef82.html]
[www.marquisspas.com/about-marquis/press-releases/article/index848e.html]
[www.marquisspas.com/about-marquis/press-releases/article/index9244.html]
[www.marquisspas.com/about-marquis/press-releases/article/indexfacd.html]
[www.marquisspas.com/support/contact-marquis.html]
[www.marquisspas.com/support/frequently-asked-questions/index.html]
[www.marquisspas.com/support/contact-marquis/index.html]
[www.marquisspas.com/about-marquis/press-releases/article/index2d8c.html]
[www.marquisspas.com/about-marquis/press-releases/article/index9761.html]
[www.marquisspas.com/about-marquis/press-releases/article/index8915.html]
[www.marquisspas.com/about-marquis/press-releases/article/indexe434.html]
[www.marquisspas.com/media/177399/2021_crownwarranty_392021.pdf]
[www.marquisspas.com/about-marquis/press-releases/article/indexc992.html]
[www.marquisspas.com/about-marquis/press-releases/article/indexa424.html]
[www.marquisspas.com/media/91078/2019signaturewarranty_3192019.pdf]
[www.marquisspas.com/about-marquis/press-releases/article/index1339.html]
[www.marquisspas.com/media/177559/2021-v21warranty_01_2025.pdf]
[www.marquisspas.com/media/177560/2021-marquis-elite-warranty_01_2025.pdf]
[www.marquisspas.com/about-marquis/press-releases/article/index0385.html]
[www.marquisspas.com/media/177558/2021-celebrityhottubswarranty_1_31_2025.pdf]
[www.marquisspas.com/media/1317/2017-atvwarranty.pdf]
[www.marquisspas.com/media/177526/2021-v150-warranty_352021.pdf]
[www.marquisspas.com/media/1204/awards.jpg]
[www.marquisspas.com/support/hot-tub-warranty/index.html]
[www.marquisspas.com/hot-tubs/models/the-crown-collection/summit/index.html]
[www.marquisspas.com/hot-tubs/models/crown-series/spirit/index1671.html]
[www.marquisspas.com/about-marquis/press-releases/article/index10c9.html]
[www.marquisspas.com/about-marquis/press-releases/article/index9393.html]
[www.marquisspas.com/about-marquis/press-releases/article/index2523.html]
[www.marquisspas.com/hot-tubs/models/vector21-hot-tubs/v65l/indexa673.html]
[www.marquisspas.com/about-marquis/press-releases/article/index5663.html]
[www.marquisspas.com/hot-tubs/models/marquis-elite-hot-tubs/nashville-elite/index076c.html]
[www.marquisspas.com/about-marquis/press-releases/article/index19e2.html]
[www.marquisspas.com/about-marquis/press-releases/article/indexd6d4.html]
[www.marquisspas.com/hot-tubs/models/celebrity/nashville/indexd8af.html]
[www.marquisspas.com/about-marquis/press-releases/article/indexa77e.html]
[www.marquisspas.com/about-marquis/press-releases/article/index2c3f.html]
[www.marquisspas.com/hot-tubs/models/crown-series/resort/indexc8c2.html]
[www.marquisspas.com/about-marquis/press-releases/article/index089c.html]
[www.marquisspas.com/about-marquis/press-releases/article/indexa956.html]
[www.marquisspas.com/hot-tubs/models/crown-series/wish/index951e.html]
[www.marquisspas.com/about-marquis/press-releases/article/index65d6.html]
[www.marquisspas.com/about-marquis/press-releases/article/index19ec.html]
[www.marquisspas.com/hot-tubs/models/vector21-hot-tubs/v84l/index7c1d.html]
[www.marquisspas.com/about-marquis/press-releases/article/index8850.html]
[www.marquisspas.com/about-marquis/press-releases/article/index26be.html]
[www.marquisspas.com/hot-tubs/models/vector21-hot-tubs/v77l/indexc086.html]
[www.marquisspas.com/about-marquis/press-releases/article/indexe58a.html]
[www.marquisspas.com/about-marquis/press-releases/article/index9e32.html]
[www.marquisspas.com/hot-tubs/models/marquis-elite-hot-tubs/broadway-elite/index783d.html]
[www.marquisspas.com/hot-tubs/models/marquis-elite-hot-tubs/monaco-elite/indexdf04.html]
[www.marquisspas.com/hot-tubs/models/celebrity/broadway/index38fd.html]
[www.marquisspas.com/hot-tubs/models/celebrity/monaco/index8c2e.html]
[www.marquisspas.com/hot-tubs/models/crown-series/epic/indexae59.html]
[www.marquisspas.com/hot-tubs/models/vector21-hot-tubs/v84/index341a.html]
[www.marquisspas.com/hot-tubs/models/marquis-elite-hot-tubs/vegas-elite/indexa3cd.html]
[www.marquisspas.com/hot-tubs/models/marquis-elite-hot-tubs/hollywood-elite/indexdff4.html]
[www.marquisspas.com/hot-tubs/models/celebrity/vegas/index2f68.html]
[www.marquisspas.com/hot-tubs/models/celebrity/hollywood/index11a2.html]
[www.marquisspas.com/hot-tubs/models/crown-series/summit/indexba3d.html]
[www.marquisspas.com/hot-tubs/models/crown-series/euphoria/index1895.html]
[www.marquisspas.com/hot-tubs/models/crown-series/destiny/index543c.html]
[www.marquisspas.com/hot-tubs/models/vector21-hot-tubs/v94/index1c90.html]
[www.marquisspas.com/hot-tubs/models/vector21-hot-tubs/v94l/index8383.html]
[www.marquisspas.com/hot-tubs/models/marquis-elite-hot-tubs/woodstock-elite/indexa914.html]
[www.marquisspas.com/hot-tubs/models/celebrity/woodstock/index7d0f.html]
[www.marquisspas.com/hot-tubs/models/vector21-hot-tubs/indexf7a1.html]
[www.marquisspas.com/hot-tubs/models/the-crown-collection/indexed3b.html]
[www.marquisspas.com/dealer-locator/Location/indexb573.html]
[www.marquisspas.com/documents/2010/international/10MQ_Manual_Swedish.html]
[www.marquisspas.com/documents/2010/international/10MQ_Italian.html]
[www.marquisspas.com/about-marquis/press-releases/article/index38e9.html]
[www.marquisspas.com/about-marquis/press-releases/article/index4c4a.html]
[www.marquisspas.com/about-marquis/press-releases/article/indexb181.html]
[www.marquisspas.com/media/1424/stress-relief_1280x470_microsilk18.jpg]
[www.marquisspas.com/hot-tubs/hydrotherapy/spa-therapy/aromatherapy/index.html]
[www.marquisspas.com/hot-tubs/hydrotherapy/spa-therapy/aromatherapy.html]
[www.marquisspas.com/hot-tubs/hydrotherapy/spa-therapy/chromotherapy.html]
[www.marquisspas.com/hot-tubs/hydrotherapy/spa-therapy/music-therapy.html]
[www.marquisspas.com/hot-tubs/hydrotherapy/athletes/index.html]
[www.marquisspas.com/hot-tubs/hydrotherapy/family/index.html]
[www.marquisspas.com/hot-tubs/hydrotherapy/spa-therapy/index.html]
[www.marquisspas.com/hot-tubs/hydrotherapy.html]
[chiro.org/LINKS/FULL/Immobilization_or_Early_Mobilization.html]
[www.comprehensiveaquatictherapy.com/ewExternalFiles/Science Behind Soak.html]
[www.marquisspas.com/hot-tubs/hydrotherapy/spa-therapy/index4f07.html]
[www.marquisspas.com/dealer-locator/Location/index4dbb.html]
[www.marquisspas.com/hot-tubs/hydrotherapy/spa-therapy/indexc816.html]
[www.marquisspas.com/hot-tubs/health-benefits/pain-medication-addiction/index.html]
[www.marquisspas.com/hot-tubs/health-benefits/index99df.html]
[www.marquisspas.com/dealer-locator/Location/index0ec1.html]
[www.marquisspas.com/hot-tubs/hydrotherapy/spa-therapy/oxygen-skin-therapy.html]
[www.marquisspas.com/hot-tubs/hot-tub-water-treatment/what-is-total-alkalinity/index.html]
[www.marquisspas.com/media/91086/ph-balance-scale_with-icons_02.jpg]
[www.marquisspas.com/hot-tubs/hot-tub-water-treatment/what-is-ph-balance/index.html]
[www.marquisspas.com/hot-tubs/hot-tub-water-treatment/what-is-total-hardness/index.html]
[www.marquisspas.com/hot-tubs/hot-tub-water-treatment/testing-sanitizer-levels/index.html]
[www.marquisspas.com/about-marquis/press-releases/article/indexe386.html]
[www.marquisspas.com/hot-tubs/hot-tub-water-treatment/what-is-pH-balance/index-2.html]
[www.marquisspas.com/upImages/id_img_1823_Tom-Kneeshaw_small_Marquis_9.19.2022.jpg]
[www.marquisspas.com/about-marquis/press-releases/article/indexef82.html]
[www.marquisspas.com/in-the-spirit-of-a-wish.html]
[www.marquisspas.com/about-marquis/press-releases/article/index9244.html]
[www.marquisspas.com/about-marquis/press-releases/article/index848e.html]
[www.marquisspas.com/upImages/id_img_1731_Marquis_900thWish_Viera_Brain-Tumor.jpg]
[www.marquisspas.com/about-marquis/press-releases/article/indexfacd.html]
[www.marquisspas.com/upImages/id_img_1724_Marquis_Jim-Johnston_VP-Sales-Marketing_web.jpg]
[www.marquisspas.com/about-marquis/press-releases/article/index8915.html]
[www.marquisspas.com/upImages/id_img_1721_Marquis_Sam-Collins_President-COO_web.jpg]
[www.marquisspas.com/about-marquis/press-releases/article/indexe434.html]
[www.marquisspas.com/about-marquis/press-releases/article/index2d8c.html]
[www.marquisspas.com/about-marquis/press-releases/article/index9761.html]
[www.marquisspas.com/upImages/id_img_1573_Copy of Six Hot Tubs(1).jpg]
[www.marquisspas.com/about-marquis/make-a-wish-and-marquis.html]
[www.marquisspas.com/about-marquis/press-releases/article/indexc992.html]
[www.marquisspas.com/upImages/id_img_1560_Gabrielle.2.jpg]
[www.marquisspas.com/about-marquis/press-releases/article/indexa424.html]
[www.marquisspas.com/about-marquis/press-releases/article/index1339.html]
[www.marquisspas.com/upImages/id_img_1551_swim-spa-ATV-17overhead.jpg]
[www.marquisspas.com/about-marquis/press-releases/article/index0385.html]
[www.marquisspas.com/upImages/id_img_1538_WHATSPA awards 2015.jpg]
[www.marquisspas.com/about-marquis/press-releases/article/index5663.html]
[www.marquisspas.com/about-marquis/press-releases/article/index9393.html]
[www.marquisspas.com/upImages/id_img_1519_20150114_121934.jpg]
[www.marquisspas.com/about-marquis/press-releases/article/index10c9.html]
[www.marquisspas.com/about-marquis/press-releases/article/index2523.html]
[www.marquisspas.com/upImages/id_img_1508_img_1508_Carpool Deville 3.jpg]
[www.marquisspas.com/about-marquis/press-releases/article/index19e2.html]
[www.marquisspas.com/upImages/id_img_1515_Marquis e-Series 2015.jpg]
[www.marquisspas.com/about-marquis/press-releases/article/indexd6d4.html]
[www.marquisspas.com/upImages/id_img_1512_2015Celebrity.jpg]
[www.marquisspas.com/about-marquis/press-releases/article/index2c3f.html]
[www.marquisspas.com/upImages/id_img_1509_healthweb.jpg]
[www.marquisspas.com/about-marquis/press-releases/article/indexa77e.html]
[www.marquisspas.com/upImages/id_img_1507_Luther Wins.jpg]
[www.marquisspas.com/about-marquis/press-releases/article/index089c.html]
[www.marquisspas.com/upImages/id_img_1506_atvsmall.jpg]
[www.marquisspas.com/about-marquis/press-releases/article/indexa956.html]
[www.marquisspas.com/upImages/id_img_1498_Vote.jpg]
[www.marquisspas.com/about-marquis/press-releases/article/index65d6.html]
[www.marquisspas.com/upImages/id_img_1493_SPACERT.jpg]
[www.marquisspas.com/about-marquis/press-releases/article/index19ec.html]
[www.marquisspas.com/about-marquis/press-releases/article/index8850.html]
[www.marquisspas.com/upImages/id_img_1412_spasearch certified 2014 copy.jpg]
[www.marquisspas.com/about-marquis/press-releases/article/index26be.html]
[www.marquisspas.com/upImages/id_img_1414_e-sFamilysm.jpg]
[www.marquisspas.com/about-marquis/press-releases/article/indexe58a.html]
[www.marquisspas.com/about-marquis/press-releases/article/index9e32.html]
[www.marquisspas.com/about-marquis/press-releases/article/index38e9.html]
[www.marquisspas.com/about-marquis/press-releases/article/index4c4a.html]
[www.marquisspas.com/about-marquis/press-releases/article/indexb181.html]
[www.marquisspas.com/support/contact-marquis.html]
[www.marquisspas.com/hot-tubs/hot-tub-water-treatment/what-is-pH-balance/index-2.html]
[www.marquisspas.com/media/177530/2024-spiritofawishcoupon.pdf]
[www.marquisspas.com/media/177528/2024_maw_banner_1280x475.png]
[www.marquisspas.com/in-the-spirit-of-a-wish.html]
[www.marquisspas.com/about-marquis/make-a-wish-and-marquis.html]
[www.marquisspas.com/documents/2023/2023_Crown OwnersManual_3.23.2022.pdf]
[www.marquisspas.com/documents/2023/2023_V21_Owners Manual_3.2022 web.pdf]
[www.marquisspas.com/documents/2022/2022_Crown OwnersManual_3.23.2022.pdf]
[www.marquisspas.com/documents/2022/2022_V21_Owners Manual_3.2022 web.pdf]
[www.marquisspas.com/documents/2019/owners-manuals/2019_SignatureOwnersManual_web.pdf]
[www.marquisspas.com/documents/2019/owners-manuals/2019_Celebrity Owners Manual.pdf]
[www.marquisspas.com/documents/2019/owners-manuals/2019_V21OwnersManualWeb11.26.18.pdf]
[www.marquisspas.com/documents/2018/OM/2018_Signature Owners Manual Final rev.pdf]
[www.marquisspas.com/documents/2018/OM/18 Celebrity Owners Manual 7.5.18.pdf]
[www.marquisspas.com/documents/2018/OM/2018_V21_Owners Manual.pdf]
[www.marquisspas.com/documents/2018/OM/2017_eSeriesOwnersManual.pdf]
[www.marquisspas.com/documents/2017/2017 Celebrity Owners Manual.pdf]
[www.marquisspas.com/documents/2017/2017_SignatureOwnersManual.pdf]
[www.marquisspas.com/documents/2017/2017_eSeriesOwnersManual.pdf]
[www.marquisspas.com/documents/2017/2017_V21_Owners Manual.pdf]
[www.marquisspas.com/documents/2016/2016 _Celebrity Owners Manual.pdf]
[www.marquisspas.com/documents/2016/2016_Marquis e-Series Owners Manual.pdf]
[www.marquisspas.com/documents/2016/2016_Vector21 Owners Manual.pdf]
[www.marquisspas.com/documents/2015/2015Signature_eSeriesManualweb.pdf]
[documents.marquisspas.com/documents/2014/2014WiFiPost.pdf]
[www.marquisspas.com/documents/2018/OM/intl/English/18 Celebrity Hot Tubs Owners Manual complete.pdf]
[www.marquisspas.com/documents/2018/OM/intl/English/2018 Eng VECTOR21 Manual.pdf]
[www.marquisspas.com/documents/2018/OM/intl/English/2018 Eng_eSeriesOwnersManual.pdf]
[www.marquisspas.com/documents/2018/OM/intl/English/2018 Eng_SignatureOwnersManual.pdf]
[www.marquisspas.com/documents/2018/OM/intl/German/18 CelebrityOM_DE.pdf]
[www.marquisspas.com/documents/2018/OM/intl/German/18 V21 Owner's Manual Rev.pdf]
[www.marquisspas.com/documents/2018/OM/intl/German/2018 DE Signature Manual Rev.pdf]
[www.marquisspas.com/documents/2018/OM/intl/Spanish/18 CelebrityOM_SP.pdf]
[www.marquisspas.com/documents/2018/OM/intl/Swedish/2018 SWE VECTOR21 Manual.pdf]
[www.marquisspas.com/documents/2018/OM/intl/Swedish/2018 SWE Signature Manual Swedish.pdf]
[www.marquisspas.com/documents/2018/OM/intl/Swedish/2018 SWE E-Series Manual INTL.pdf]
[www.marquisspas.com/documents/2018/OM/intl/Swedish/2018 SWE Celebrity Manual.pdf]
[www.marquisspas.com/documents/2017/intl/2017 DE Celebrity Manual.pdf]
[www.marquisspas.com/documents/2017/intl/2017 DE E-Series Manual.pdf]
[www.marquisspas.com/documents/2017/intl/2017 DE Signature Manual.pdf]
[www.marquisspas.com/documents/2017/intl/2017 DE Vector21 Manual.pdf]
[www.marquisspas.com/documents/2017/intl/2017 Eng VECTOR21 Manual.pdf]
[www.marquisspas.com/documents/2017/intl/2017 Eng_eSeriesOwnersManual.pdf]
[www.marquisspas.com/documents/2017/intl/2017 Eng_SignatureOwnersManual.pdf]
[www.marquisspas.com/documents/2017/intl/2017 FR  V21 Manual.pdf]
[www.marquisspas.com/documents/2017/intl/2017 FR e-Series Manual.pdf]
[www.marquisspas.com/documents/2017/intl/2017 FR Signature Manual.pdf]
[www.marquisspas.com/documents/2017/intl/2017 SWE Celebrity Manual.pdf]
[www.marquisspas.com/documents/2017/intl/2017 SWE E-Series Manual INTL.pdf]
[www.marquisspas.com/documents/2017/intl/2017 SWE Signature Manual Swedish.pdf]
[www.marquisspas.com/documents/2017/intl/2017 SWE VECTOR21 Manual.pdf]
[www.marquisspas.com/documents/2016/2016Intl/16Marquis_German.pdf]
[www.marquisspas.com/documents/2016/2016Intl/16Marquis_Norwegian.pdf]
[www.marquisspas.com/documents/2016/2016Intl/16 Marquis International English.pdf]
[www.marquisspas.com/documents/2016/2016Intl/2016e-SeriesIntlEnglishManual_FR.pdf]
[www.marquisspas.com/documents/2016/2016Intl/2016e-SeriesIntlEnglishManual_GER.pdf]
[www.marquisspas.com/documents/2016/2016Intl/2016e-SeriesIntlEnglishManual_SV.pdf]
[www.marquisspas.com/documents/2016/2016Intl/16Marquis_e-Series_Dutch.pdf]
[www.marquisspas.com/documents/2016/2016Intl/2016 Celebrity Owners Manual_Swedishrev2.pdf]
[www.marquisspas.com/documents/2016/2016Intl/16 Celebrity Hot Tub Manual_French.pdf]
[www.marquisspas.com/documents/2015/2015ATVOwnersManualINTLcrop.pdf]
[www.marquisspas.com/documents/2015/2015e-SeriesIntlEnglishManual.pdf]
[www.marquisspas.com/documents/2015/international/15MQIntlEnglishManual.pdf]
[www.marquisspas.com/documents/2015/international/15e-Series_German2.pdf]
[www.marquisspas.com/documents/2015/international/15MQ_E-SERIES_Danish.pdf]
[www.marquisspas.com/documents/2015/international/15MQ_E-SERIES_Dutch.pdf]
[www.marquisspas.com/documents/2015/international/15MQ_E-SERIES_French.pdf]
[www.marquisspas.com/documents/2015/international/15MQ_E-SERIES_Italian.pdf]
[www.marquisspas.com/documents/2015/international/15MQ_German.pdf]
[www.marquisspas.com/documents/2015/international/15MQ_Norwegian.pdf]
[www.marquisspas.com/documents/2014/international/14e-Series_German.pdf]
[www.marquisspas.com/documents/2014/international/2014e-SeriesIntlEnglishManualrev.pdf]
[www.marquisspas.com/documents/2014/international/14MQ_E-SERIES_Danishrev.pdf]
[www.marquisspas.com/documents/2014/international/14MQ_E-SERIES_Dutchrev.pdf]
[www.marquisspas.com/documents/2014/international/14MQ_E-SERIES_Frenchrev.pdf]
[www.marquisspas.com/documents/2014/international/14MQ_E-SERIES_Italianrev.pdf]
[www.marquisspas.com/documents/2014/international/14MQ_German.pdf]
[www.marquisspas.com/documents/2014/international/14MQ_Norwegian.pdf]
[www.marquisspas.com/documents/2014/international/14MQIntlEnglishManual.pdf]
[documents.marquisspas.com/documents/2013/international/13Signature&E-Series_Danish.pdf]
[documents.marquisspas.com/documents/2013/international/13Signature&E-Series_Dutch.pdf]
[documents.marquisspas.com/documents/2013/international/13Signature&E-Series_French.pdf]
[documents.marquisspas.com/documents/2013/international/13Signature&E-Series_Italian.pdf]
[documents.marquisspas.com/documents/2013/international/13Signature&E-Series_Swedish.pdf]
[documents.marquisspas.com/documents/2013/international/13Signature_German.pdf]
[documents.marquisspas.com/documents/2013/international/2013e-Series_German.pdf]
[documents.marquisspas.com/documents/2013/international/13Signature_Norwegian.pdf]
[documents.marquisspas.com/documents/2013/international/13Signature_IntlEnglishManual.pdf]
[documents.marquisspas.com/documents/2013/international/2013e-SeriesIntlEnglishManual.pdf]
[www.marquisspas.com/documents/older_manuals/1998/Pro-Form Restoration 510 1998 - ENG&FRENCH.html]
[www.marquisspas.com/hot-tubs/models/the-crown-collection/the-spirit/index.html]
[www.marquisspas.com/hot-tubs/models/the-crown-collection/the-wish/index.html]
[www.marquisspas.com/hot-tubs/models/the-crown-collection/spirit/index.html]
[www.marquisspas.com/hot-tubs/models/the-crown-collection/wish/index.html]
[www.marquisspas.com/upImages/id_img_1518_Marquis & Dave Scott.html]
